[32m[Nest] 16428  - [39m27/12/2025, 13:44:45 [32m    LOG[39m [38;5;3m[NestFactory] [39m[32mStarting Nest application...[39m
[32m[Nest] 16428  - [39m27/12/2025, 13:44:45 [32m    LOG[39m [38;5;3m[InstanceLoader] [39m[32mConfigHostModule dependencies initialized[39m[38;5;3m +5ms[39m
--- OpenAI Configuration ---
OpenAI API Key loaded successfully. Length: 164
Starts with: sk-proj...
---------------------------
[32m[Nest] 16428  - [39m27/12/2025, 13:44:45 [32m    LOG[39m [38;5;3m[InstanceLoader] [39m[32mConfigModule dependencies initialized[39m[38;5;3m +13ms[39m
[32m[Nest] 16428  - [39m27/12/2025, 13:44:45 [32m    LOG[39m [38;5;3m[InstanceLoader] [39m[32mConfigModule dependencies initialized[39m[38;5;3m +0ms[39m
[32m[Nest] 16428  - [39m27/12/2025, 13:44:45 [32m    LOG[39m [38;5;3m[InstanceLoader] [39m[32mCompetitorsModule dependencies initialized[39m[38;5;3m +1ms[39m
[32m[Nest] 16428  - [39m27/12/2025, 13:44:45 [32m    LOG[39m [38;5;3m[InstanceLoader] [39m[32mGeminiModule dependencies initialized[39m[38;5;3m +0ms[39m
[32m[Nest] 16428  - [39m27/12/2025, 13:44:45 [32m    LOG[39m [38;5;3m[InstanceLoader] [39m[32mAppModule dependencies initialized[39m[38;5;3m +0ms[39m
[32m[Nest] 16428  - [39m27/12/2025, 13:44:45 [32m    LOG[39m [38;5;3m[InstanceLoader] [39m[32mYoutubeModule dependencies initialized[39m[38;5;3m +0ms[39m
[32m[Nest] 16428  - [39m27/12/2025, 13:44:45 [32m    LOG[39m [38;5;3m[InstanceLoader] [39m[32mOpenaiModule dependencies initialized[39m[38;5;3m +0ms[39m
[32m[Nest] 16428  - [39m27/12/2025, 13:44:45 [32m    LOG[39m [38;5;3m[InstanceLoader] [39m[32mActiveCampaignModule dependencies initialized[39m[38;5;3m +0ms[39m
[32m[Nest] 16428  - [39m27/12/2025, 13:44:45 [32m    LOG[39m [38;5;3m[InstanceLoader] [39m[32mSalesModule dependencies initialized[39m[38;5;3m +0ms[39m
[32m[Nest] 16428  - [39m27/12/2025, 13:44:45 [32m    LOG[39m [38;5;3m[InstanceLoader] [39m[32mAuthModule dependencies initialized[39m[38;5;3m +0ms[39m
[32m[Nest] 16428  - [39m27/12/2025, 13:44:45 [32m    LOG[39m [38;5;3m[InstanceLoader] [39m[32mUtmModule dependencies initialized[39m[38;5;3m +0ms[39m
[32m[Nest] 16428  - [39m27/12/2025, 13:44:45 [32m    LOG[39m [38;5;3m[InstanceLoader] [39m[32mGeniusModule dependencies initialized[39m[38;5;3m +0ms[39m
[32m[Nest] 16428  - [39m27/12/2025, 13:44:45 [32m    LOG[39m [38;5;3m[InstanceLoader] [39m[32mCommentsModule dependencies initialized[39m[38;5;3m +0ms[39m
--- Testing OpenAI (GPT-5.2 Pro) ---
OpenAI Reply: Fala Jo├úo, valeu demais! Que bom que curtiu o v├¡deo sobre Mercado Livre ÔÇö agora ├® pegar 1 coisa do ÔÇ£Como crescer no e-commerceÔÇØ e aplicar hoje (tipo ajustar oferta/an├║ncio ou testar Ads com or├ºamento baixo). Tmj!

--- Testing Gemini (Gemini 3 Flash) ---
node.exe : [31m[Nest] 16428  - [39m27/12/2025, 13:45:24 [31m  
ERROR[39m [38;5;3m[GeminiService] [39m[31mError in Gemini 
generateThinking[39m
No linha:1 caractere:1
+ & "C:\Program Files\nodejs/node.exe" "C:\Program 
Files\nodejs/node_mo ...
+ ~~~~~~~~~~~~~~~~~~~~~~~~~~~~~~~~~~~~~~~~~~~~~~~~~~~~~~~~~~~~~~~~~~
~~~
    + CategoryInfo          : NotSpecified: ([31m[Nest] 164...teTh 
   inking[39m:String) [], RemoteException
    + FullyQualifiedErrorId : NativeCommandError
 
[31m[Nest] 16428  - [39m27/12/2025, 13:45:24 [31m  ERROR[39m 
[38;5;3m[GeminiService] [39mGoogleGenerativeAIFetchError: 
[GoogleGenerativeAI Error]: Error fetching from https://generativela
nguage.googleapis.com/v1beta/models/gemini-3-flash:generateContent: 
[404 Not Found] models/gemini-3-flash is not found for API version 
v1beta, or is not supported for generateContent. Call ListModels to 
see the list of available models and their supported methods.
    at handleResponseNotOk [90m(C:\Projetos\yt_dashboard\yt_dashboa
rd_backend\[39mnode_modules\[4m@google\generative-ai[24m\dist\ind
ex.js:434:11[90m)[39m
[90m    at processTicksAndRejections 
(node:internal/process/task_queues:105:5)[39m
    at async makeRequest [90m(C:\Projetos\yt_dashboard\yt_dashboard
_backend\[39mnode_modules\[4m@google\generative-ai[24m\dist\index
.js:403:9[90m)[39m
    at async generateContent [90m(C:\Projetos\yt_dashboard\yt_dashb
oard_backend\[39mnode_modules\[4m@google\generative-ai[24m\dist\i
ndex.js:867:22[90m)[39m
    at async GeminiService.generateThinking [90m(C:\Projetos\yt_das
hboard\yt_dashboard_backend\[39msrc\gemini\gemini.service.ts:23:28
[90m)[39m
    at async CommentsService.generateAiReply [90m(C:\Projetos\yt_da
shboard\yt_dashboard_backend\[39msrc\comments\comments.service.ts:9
1:24[90m)[39m
    at async bootstrap [90m(C:\Projetos\yt_dashboard\yt_dashboard_b
ackend\[39mscripts\test_dual_ai.ts:23:29[90m)[39m {
  status: [33m404[39m,
  statusText: [32m'Not Found'[39m,
  errorDetails: [90mundefined[39m
}
[31m[Nest] 16428  - [39m27/12/2025, 13:45:24 [31m  ERROR[39m 
[38;5;3m[CommentsService] [39m[31mError generating AI reply[39m
[31m[Nest] 16428  - [39m27/12/2025, 13:45:24 [31m  ERROR[39m 
[38;5;3m[CommentsService] [39mGoogleGenerativeAIFetchError: 
[GoogleGenerativeAI Error]: Error fetching from https://generativela
nguage.googleapis.com/v1beta/models/gemini-3-flash:generateContent: 
[404 Not Found] models/gemini-3-flash is not found for API version 
v1beta, or is not supported for generateContent. Call ListModels to 
see the list of available models and their supported methods.
    at handleResponseNotOk [90m(C:\Projetos\yt_dashboard\yt_dashboa
rd_backend\[39mnode_modules\[4m@google\generative-ai[24m\dist\ind
ex.js:434:11[90m)[39m
[90m    at processTicksAndRejections 
(node:internal/process/task_queues:105:5)[39m
    at async makeRequest [90m(C:\Projetos\yt_dashboard\yt_dashboard
_backend\[39mnode_modules\[4m@google\generative-ai[24m\dist\index
.js:403:9[90m)[39m
    at async generateContent [90m(C:\Projetos\yt_dashboard\yt_dashb
oard_backend\[39mnode_modules\[4m@google\generative-ai[24m\dist\i
ndex.js:867:22[90m)[39m
    at async GeminiService.generateThinking [90m(C:\Projetos\yt_das
hboard\yt_dashboard_backend\[39msrc\gemini\gemini.service.ts:23:28
[90m)[39m
    at async CommentsService.generateAiReply [90m(C:\Projetos\yt_da
shboard\yt_dashboard_backend\[39msrc\comments\comments.service.ts:9
1:24[90m)[39m
    at async bootstrap [90m(C:\Projetos\yt_dashboard\yt_dashboard_b
ackend\[39mscripts\test_dual_ai.ts:23:29[90m)[39m {
  status: [33m404[39m,
  statusText: [32m'Not Found'[39m,
  errorDetails: [90mundefined[39m
}
Gemini failed: HttpException: Failed to generate reply
    at CommentsService.generateAiReply (C:\Projetos\yt_dashboard\yt_
dashboard_backend\src\comments\comments.service.ts:96:19)
    at processTicksAndRejections 
(node:internal/process/task_queues:105:5)
    at async bootstrap (C:\Projetos\yt_dashboard\yt_dashboard_backen
d\scripts\test_dual_ai.ts:23:29) {
  response: 'Failed to generate reply',
  status: 500,
  options: undefined
}
